
> frontend@0.0.0 build
> vite build

[36mvite v8.0.3 [32mbuilding client environment for production...[36m[39m
[2K
transforming...Ô£ô 1913 modules transformed.
rendering chunks...
node.exe : [31mÔ£ù[39m Build failed in 607ms
En línea: 1 Carácter: 1
+ & "C:\Program Files\nodejs/node.exe" "C:\Program Files\nodejs/node_mo ...
+ ~~~~~~~~~~~~~~~~~~~~~~~~~~~~~~~~~~~~~~~~~~~~~~~~~~~~~~~~~~~~~~~~~~~~~
    + CategoryInfo          : NotSpecified: ([31mÔ£ù[39m Build failed in 607ms:String) [], RemoteException
    + FullyQualifiedErrorId : NativeCommandError
 
[31merror during build:
[31mBuild failed with 2 errors:

[31m[MISSING_EXPORT] Error:[0m "Instagram" is not exported by "node_modules/lucide-react/dist/esm/lucide-react.js".
   [38;5;246mÔò¡[0m[38;5;246mÔöÇ[0m[38;5;246m[[0m src/pages/ChoferDashboard.tsx:2:179 [38;5;246m][0m
   [38;5;246mÔöé[0m
 [38;5;246m2 Ôöé[0m 
[38;5;249mi[0m[38;5;249mm[0m[38;5;249mp[0m[38;5;249mo[0m[38;5;249mr[0m[38;5;249mt[0m[38;5;249m 
[0m[38;5;249m{[0m[38;5;249m 
[0m[38;5;249mU[0m[38;5;249ms[0m[38;5;249me[0m[38;5;249mr[0m[38;5;249ms[0m[38;5;249m,[0m[38;5;249m 
[0m[38;5;249mG[0m[38;5;249mi[0m[38;5;249mf[0m[38;5;249mt[0m[38;5;249m,[0m[38;5;249m [0m[38;5;249mM[0m[3
8;5;249ma[0m[38;5;249mp[0m[38;5;249mP[0m[38;5;249mi[0m[38;5;249mn[0m[38;5;249m,[0m[38;5;249m [0m[38;5;249
mN[0m[38;5;249ma[0m[38;5;249mv[0m[38;5;249mi[0m[38;5;249mg[0m[38;5;249ma[0m[38;5;249mt[0m[38;5;249mi[0m
[38;5;249mo[0m[38;5;249mn[0m[38;5;249m,[0m[38;5;249m 
[0m[38;5;249mP[0m[38;5;249mo[0m[38;5;249mw[0m[38;5;249me[0m[38;5;249mr[0m[38;5;249m,[0m[38;5;249m [0m[3
8;5;249mC[0m[38;5;249mh[0m[38;5;249me[0m[38;5;249mc[0m[38;5;249mk[0m[38;5;249mC[0m[38;5;249mi[0m[38;5;249
mr[0m[38;5;249mc[0m[38;5;249ml[0m[38;5;249me[0m[38;5;249m2[0m[38;5;249m,[0m[38;5;249m [0m[38;5;249mN[0m
[38;5;249ma[0m[38;5;249mv[0m[38;5;249mi[0m[38;5;249mg[0m[38;5;249ma[0m[38;5;249mt[0m[38;5;249mi[0m[38;5;2
49mo[0m[38;5;249mn[0m[38;5;249m2[0m[38;5;249m,[0m[38;5;249m [0m[38;5;249mS[0m[38;5;249me[0m[38;5;249mt[0
m[38;5;249mt[0m[38;5;249mi[0m[38;5;249mn[0m[38;5;249mg[0m[38;5;249ms[0m[38;5;249m,[0m[38;5;249m 
[0m[38;5;249mL[0m[38;5;249mo[0m[38;5;249mc[0m[38;5;249mk[0m[38;5;249m,[0m[38;5;249m [0m[38;5;249mL[0m[3
8;5;249mo[0m[38;5;249ma[0m[38;5;249md[0m[38;5;249me[0m[38;5;249mr[0m[38;5;249m2[0m[38;5;249m,[0m[38;5;249
m [0m[38;5;249mE[0m[38;5;249my[0m[38;5;249me[0m[38;5;249m,[0m[38;5;249m [0m[38;5;249mE[0m[38;5;249my[0m
[38;5;249me[0m[38;5;249mO[0m[38;5;249mf[0m[38;5;249mf[0m[38;5;249m,[0m[38;5;249m [0m[38;5;249mW[0m[38;5;2
49ma[0m[38;5;249ml[0m[38;5;249ml[0m[38;5;249me[0m[38;5;249mt[0m[38;5;249m,[0m[38;5;249m [0m[38;5;249mB[0
m[38;5;249me[0m[38;5;249ml[0m[38;5;249ml[0m[38;5;249mR[0m[38;5;249mi[0m[38;5;249mn[0m[38;5;249mg[0m[38;5
;249m,[0m[38;5;249m [0m[38;5;249mX[0m[38;5;249mC[0m[38;5;249mi[0m[38;5;249mr[0m[38;5;249mc[0m[38;5;249ml
[0m[38;5;249me[0m[38;5;249m,[0m[38;5;249m [0m[38;5;249mA[0m[38;5;249ml[0m[38;5;249me[0m[38;5;249mr[0m[38
;5;249mt[0m[38;5;249mT[0m[38;5;249mr[0m[38;5;249mi[0m[38;5;249ma[0m[38;5;249mn[0m[38;5;249mg[0m[38;5;249m
l[0m[38;5;249me[0m[38;5;249m,[0m[38;5;249m 
[0m[38;5;249mZ[0m[38;5;249ma[0m[38;5;249mp[0m[38;5;249m,[0m[38;5;249m [0m[38;5;249mC[0m[38;5;249ma[0m[3
8;5;249ml[0m[38;5;249me[0m[38;5;249mn[0m[38;5;249md[0m[38;5;249ma[0m[38;5;249mr[0m[38;5;249m,[0m[38;5;249
m [0m[38;5;249mS[0m[38;5;249mt[0m[38;5;249mo[0m[38;5;249mr[0m[38;5;249me[0m[38;5;249m,[0m[38;5;249m 
[0mInstagram[38;5;249m,[0m[38;5;249m [0m[38;5;249mF[0m[38;5;249ma[0m[38;5;249mc[0m[38;5;249me[0m[38;5;249
mb[0m[38;5;249mo[0m[38;5;249mo[0m[38;5;249mk[0m[38;5;249m [0m[38;5;249m}[0m[38;5;249m 
[0m[38;5;249mf[0m[38;5;249mr[0m[38;5;249mo[0m[38;5;249mm[0m[38;5;249m [0m[38;5;249m"[0m[38;5;249ml[0m[3
8;5;249mu[0m[38;5;249mc[0m[38;5;249mi[0m[38;5;249md[0m[38;5;249me[0m[38;5;249m-[0m[38;5;249mr[0m[38;5;249
me[0m[38;5;249ma[0m[38;5;249mc[0m[38;5;249mt[0m[38;5;249m"[0m[38;5;249m;[0m
 [38;5;240m  Ôöé[0m                                                                                                  
                                                                                 ÔöÇÔöÇÔöÇÔöÇÔö¼ÔöÇÔöÇÔöÇÔöÇ  
 [38;5;240m  Ôöé[0m                                                                                                  
                                                                                     Ôò░ÔöÇÔöÇÔöÇÔöÇÔöÇÔöÇ Missing 
export
[38;5;246mÔöÇÔöÇÔöÇÔò»[0m

[31m[MISSING_EXPORT] Error:[0m "Facebook" is not exported by "node_modules/lucide-react/dist/esm/lucide-react.js".
   [38;5;246mÔò¡[0m[38;5;246mÔöÇ[0m[38;5;246m[[0m src/pages/ChoferDashboard.tsx:2:190 [38;5;246m][0m
   [38;5;246mÔöé[0m
 [38;5;246m2 Ôöé[0m 
[38;5;249mi[0m[38;5;249mm[0m[38;5;249mp[0m[38;5;249mo[0m[38;5;249mr[0m[38;5;249mt[0m[38;5;249m 
[0m[38;5;249m{[0m[38;5;249m 
[0m[38;5;249mU[0m[38;5;249ms[0m[38;5;249me[0m[38;5;249mr[0m[38;5;249ms[0m[38;5;249m,[0m[38;5;249m 
[0m[38;5;249mG[0m[38;5;249mi[0m[38;5;249mf[0m[38;5;249mt[0m[38;5;249m,[0m[38;5;249m [0m[38;5;249mM[0m[3
8;5;249ma[0m[38;5;249mp[0m[38;5;249mP[0m[38;5;249mi[0m[38;5;249mn[0m[38;5;249m,[0m[38;5;249m [0m[38;5;249
mN[0m[38;5;249ma[0m[38;5;249mv[0m[38;5;249mi[0m[38;5;249mg[0m[38;5;249ma[0m[38;5;249mt[0m[38;5;249mi[0m
[38;5;249mo[0m[38;5;249mn[0m[38;5;249m,[0m[38;5;249m 
[0m[38;5;249mP[0m[38;5;249mo[0m[38;5;249mw[0m[38;5;249me[0m[38;5;249mr[0m[38;5;249m,[0m[38;5;249m [0m[3
8;5;249mC[0m[38;5;249mh[0m[38;5;249me[0m[38;5;249mc[0m[38;5;249mk[0m[38;5;249mC[0m[38;5;249mi[0m[38;5;249
mr[0m[38;5;249mc[0m[38;5;249ml[0m[38;5;249me[0m[38;5;249m2[0m[38;5;249m,[0m[38;5;249m [0m[38;5;249mN[0m
[38;5;249ma[0m[38;5;249mv[0m[38;5;249mi[0m[38;5;249mg[0m[38;5;249ma[0m[38;5;249mt[0m[38;5;249mi[0m[38;5;2
49mo[0m[38;5;249mn[0m[38;5;249m2[0m[38;5;249m,[0m[38;5;249m [0m[38;5;249mS[0m[38;5;249me[0m[38;5;249mt[0
m[38;5;249mt[0m[38;5;249mi[0m[38;5;249mn[0m[38;5;249mg[0m[38;5;249ms[0m[38;5;249m,[0m[38;5;249m 
[0m[38;5;249mL[0m[38;5;249mo[0m[38;5;249mc[0m[38;5;249mk[0m[38;5;249m,[0m[38;5;249m [0m[38;5;249mL[0m[3
8;5;249mo[0m[38;5;249ma[0m[38;5;249md[0m[38;5;249me[0m[38;5;249mr[0m[38;5;249m2[0m[38;5;249m,[0m[38;5;249
m [0m[38;5;249mE[0m[38;5;249my[0m[38;5;249me[0m[38;5;249m,[0m[38;5;249m [0m[38;5;249mE[0m[38;5;249my[0m
[38;5;249me[0m[38;5;249mO[0m[38;5;249mf[0m[38;5;249mf[0m[38;5;249m,[0m[38;5;249m [0m[38;5;249mW[0m[38;5;2
49ma[0m[38;5;249ml[0m[38;5;249ml[0m[38;5;249me[0m[38;5;249mt[0m[38;5;249m,[0m[38;5;249m [0m[38;5;249mB[0
m[38;5;249me[0m[38;5;249ml[0m[38;5;249ml[0m[38;5;249mR[0m[38;5;249mi[0m[38;5;249mn[0m[38;5;249mg[0m[38;5
;249m,[0m[38;5;249m [0m[38;5;249mX[0m[38;5;249mC[0m[38;5;249mi[0m[38;5;249mr[0m[38;5;249mc[0m[38;5;249ml
[0m[38;5;249me[0m[38;5;249m,[0m[38;5;249m [0m[38;5;249mA[0m[38;5;249ml[0m[38;5;249me[0m[38;5;249mr[0m[38
;5;249mt[0m[38;5;249mT[0m[38;5;249mr[0m[38;5;249mi[0m[38;5;249ma[0m[38;5;249mn[0m[38;5;249mg[0m[38;5;249m
l[0m[38;5;249me[0m[38;5;249m,[0m[38;5;249m 
[0m[38;5;249mZ[0m[38;5;249ma[0m[38;5;249mp[0m[38;5;249m,[0m[38;5;249m [0m[38;5;249mC[0m[38;5;249ma[0m[3
8;5;249ml[0m[38;5;249me[0m[38;5;249mn[0m[38;5;249md[0m[38;5;249ma[0m[38;5;249mr[0m[38;5;249m,[0m[38;5;249
m [0m[38;5;249mS[0m[38;5;249mt[0m[38;5;249mo[0m[38;5;249mr[0m[38;5;249me[0m[38;5;249m,[0m[38;5;249m [0m
[38;5;249mI[0m[38;5;249mn[0m[38;5;249ms[0m[38;5;249mt[0m[38;5;249ma[0m[38;5;249mg[0m[38;5;249mr[0m[38;5;2
49ma[0m[38;5;249mm[0m[38;5;249m,[0m[38;5;249m [0mFacebook[38;5;249m [0m[38;5;249m}[0m[38;5;249m 
[0m[38;5;249mf[0m[38;5;249mr[0m[38;5;249mo[0m[38;5;249mm[0m[38;5;249m [0m[38;5;249m"[0m[38;5;249ml[0m[3
8;5;249mu[0m[38;5;249mc[0m[38;5;249mi[0m[38;5;249md[0m[38;5;249me[0m[38;5;249m-[0m[38;5;249mr[0m[38;5;249
me[0m[38;5;249ma[0m[38;5;249mc[0m[38;5;249mt[0m[38;5;249m"[0m[38;5;249m;[0m
 [38;5;240m  Ôöé[0m                                                                                                  
                                                                                            ÔöÇÔöÇÔöÇÔöÇÔö¼ÔöÇÔöÇÔöÇ  
 [38;5;240m  Ôöé[0m                                                                                                  
                                                                                                Ôò░ÔöÇÔöÇÔöÇÔöÇÔöÇ 
Missing export
[38;5;246mÔöÇÔöÇÔöÇÔò»[0m
[31m
    at aggregateBindingErrorsIntoJsError 
(file:///C:/Users/victo/Desktop/remiseria-noSaaS/frontend/node_modules/rolldown/dist/shared/error-BLhcSyeg.mjs:48:18)
    at unwrapBindingResult 
(file:///C:/Users/victo/Desktop/remiseria-noSaaS/frontend/node_modules/rolldown/dist/shared/error-BLhcSyeg.mjs:18:128)
    at #build (file:///C:/Users/victo/Desktop/remiseria-noSaaS/frontend/node_modules/rolldown/dist/shared/rolldown-buil
d-CPrIX9V6.mjs:3313:34)
    at async buildEnvironment 
(file:///C:/Users/victo/Desktop/remiseria-noSaaS/frontend/node_modules/vite/dist/node/chunks/node.js:32849:64)
    at async Object.build 
(file:///C:/Users/victo/Desktop/remiseria-noSaaS/frontend/node_modules/vite/dist/node/chunks/node.js:33271:19)
    at async Object.buildApp 
(file:///C:/Users/victo/Desktop/remiseria-noSaaS/frontend/node_modules/vite/dist/node/chunks/node.js:33268:153)
    at async CAC.<anonymous> 
(file:///C:/Users/victo/Desktop/remiseria-noSaaS/frontend/node_modules/vite/dist/node/cli.js:778:3) {
  errors: [Getter/Setter]
}[39m
